###############################################################################
#
# IAR ELF Linker V9.32.1.338/W64 for ARM                  28/Feb/2023  18:37:49
# Copyright 2007-2022 IAR Systems AB.
#
#    Output file  =
#        C:\Users\jongh\Documents\repo\IAR_F103\Debug\Exe\iar_f103.out
#    Map file     =
#        C:\Users\jongh\Documents\repo\IAR_F103\Debug\List\iar_f103.map
#    Command line =
#        -f C:\Users\jongh\Documents\repo\IAR_F103\Debug\Exe\iar_f103.out.rsp
#        (C:\Users\jongh\Documents\repo\IAR_F103\Debug\Obj\USER\main.o
#        C:\Users\jongh\Documents\repo\IAR_F103\Debug\Obj\STM32F10x_StdPeriph_Driver\misc.o
#        C:\Users\jongh\Documents\repo\IAR_F103\Debug\Obj\EWARM\startup_stm32f10x_md.o
#        C:\Users\jongh\Documents\repo\IAR_F103\Debug\Obj\STM32F10x_StdPeriph_Driver\stm32f10x_adc.o
#        C:\Users\jongh\Documents\repo\IAR_F103\Debug\Obj\STM32F10x_StdPeriph_Driver\stm32f10x_bkp.o
#        C:\Users\jongh\Documents\repo\IAR_F103\Debug\Obj\STM32F10x_StdPeriph_Driver\stm32f10x_can.o
#        C:\Users\jongh\Documents\repo\IAR_F103\Debug\Obj\STM32F10x_StdPeriph_Driver\stm32f10x_cec.o
#        C:\Users\jongh\Documents\repo\IAR_F103\Debug\Obj\STM32F10x_StdPeriph_Driver\stm32f10x_crc.o
#        C:\Users\jongh\Documents\repo\IAR_F103\Debug\Obj\STM32F10x_StdPeriph_Driver\stm32f10x_dac.o
#        C:\Users\jongh\Documents\repo\IAR_F103\Debug\Obj\STM32F10x_StdPeriph_Driver\stm32f10x_dbgmcu.o
#        C:\Users\jongh\Documents\repo\IAR_F103\Debug\Obj\STM32F10x_StdPeriph_Driver\stm32f10x_dma.o
#        C:\Users\jongh\Documents\repo\IAR_F103\Debug\Obj\STM32F10x_StdPeriph_Driver\stm32f10x_exti.o
#        C:\Users\jongh\Documents\repo\IAR_F103\Debug\Obj\STM32F10x_StdPeriph_Driver\stm32f10x_flash.o
#        C:\Users\jongh\Documents\repo\IAR_F103\Debug\Obj\STM32F10x_StdPeriph_Driver\stm32f10x_fsmc.o
#        C:\Users\jongh\Documents\repo\IAR_F103\Debug\Obj\STM32F10x_StdPeriph_Driver\stm32f10x_gpio.o
#        C:\Users\jongh\Documents\repo\IAR_F103\Debug\Obj\STM32F10x_StdPeriph_Driver\stm32f10x_i2c.o
#        C:\Users\jongh\Documents\repo\IAR_F103\Debug\Obj\STM32F10x_StdPeriph_Driver\stm32f10x_iwdg.o
#        C:\Users\jongh\Documents\repo\IAR_F103\Debug\Obj\STM32F10x_StdPeriph_Driver\stm32f10x_pwr.o
#        C:\Users\jongh\Documents\repo\IAR_F103\Debug\Obj\STM32F10x_StdPeriph_Driver\stm32f10x_rcc.o
#        C:\Users\jongh\Documents\repo\IAR_F103\Debug\Obj\STM32F10x_StdPeriph_Driver\stm32f10x_rtc.o
#        C:\Users\jongh\Documents\repo\IAR_F103\Debug\Obj\STM32F10x_StdPeriph_Driver\stm32f10x_sdio.o
#        C:\Users\jongh\Documents\repo\IAR_F103\Debug\Obj\STM32F10x_StdPeriph_Driver\stm32f10x_spi.o
#        C:\Users\jongh\Documents\repo\IAR_F103\Debug\Obj\STM32F10x_StdPeriph_Driver\stm32f10x_tim.o
#        C:\Users\jongh\Documents\repo\IAR_F103\Debug\Obj\STM32F10x_StdPeriph_Driver\stm32f10x_usart.o
#        C:\Users\jongh\Documents\repo\IAR_F103\Debug\Obj\STM32F10x_StdPeriph_Driver\stm32f10x_wwdg.o
#        C:\Users\jongh\Documents\repo\IAR_F103\Debug\Obj\CMSIS\system_stm32f10x.o
#        --no_out_extension -o
#        C:\Users\jongh\Documents\repo\IAR_F103\Debug\Exe\iar_f103.out --map
#        C:\Users\jongh\Documents\repo\IAR_F103\Debug\List\iar_f103.map
#        --config "C:\Program Files\IAR Systems\Embedded Workbench
#        9.1\arm/config/linker/ST/stm32f103x8.icf" --semihosting --entry
#        __iar_program_start --vfe --text_out locale --cpu=Cortex-M3
#        --fpu=None)
#
###############################################################################

*******************************************************************************
*** RUNTIME MODEL ATTRIBUTES
***

CppFlavor       = *
__CPP_Runtime   = 1
__SystemLibrary = DLib
__dlib_version  = 6


*******************************************************************************
*** HEAP SELECTION
***

The basic heap was selected because --advanced_heap
was not specified and the application did not appear to
be primarily optimized for speed.


*******************************************************************************
*** PLACEMENT SUMMARY
***

"A0":  place at address 0x800'0000 { ro section .intvec };
"P1":  place in [from 0x800'0000 to 0x800'ffff] { ro };
define block CSTACK with size = 2K, alignment = 8 { };
define block HEAP with size = 2K, alignment = 8 { };
"P2":  place in [from 0x2000'0000 to 0x2000'4fff] {
          rw, block CSTACK, block HEAP };

No sections matched the following patterns:

  rw  in "P2"


  Section   Kind         Address   Size  Object
  -------   ----         -------   ----  ------
"A0":                              0xec
  .intvec   ro code   0x800'0000   0xec  startup_stm32f10x_md.o [2]
                    - 0x800'00ec   0xec

"P1":                             0x3b0
  .text     ro code   0x800'00ec  0x118  system_stm32f10x.o [1]
  .text     ro code   0x800'0204   0xd4  stm32f10x_gpio.o [3]
  .text     ro code   0x800'02d8   0x80  main.o [4]
  .text     ro code   0x800'0358   0x1e  cmain.o [6]
  .text     ro code   0x800'0376    0x4  low_level_init.o [5]
  .text     ro code   0x800'037a    0x4  exit.o [5]
  .text     ro code   0x800'0380    0xa  cexit.o [6]
  .text     ro code   0x800'038c   0x14  exit.o [7]
  .text     ro code   0x800'03a0   0x1c  cstartup_M.o [6]
  .text     ro code   0x800'03bc   0x10  startup_stm32f10x_md.o [2]
  .text     ro code   0x800'03cc    0x4  startup_stm32f10x_md.o [2]
  .text     ro code   0x800'03d0    0x4  startup_stm32f10x_md.o [2]
  .text     ro code   0x800'03d4    0x4  startup_stm32f10x_md.o [2]
  .text     ro code   0x800'03d8    0x4  startup_stm32f10x_md.o [2]
  .text     ro code   0x800'03dc    0x4  startup_stm32f10x_md.o [2]
  .text     ro code   0x800'03e0    0x4  startup_stm32f10x_md.o [2]
  .text     ro code   0x800'03e4    0x4  startup_stm32f10x_md.o [2]
  .text     ro code   0x800'03e8    0x4  startup_stm32f10x_md.o [2]
  .text     ro code   0x800'03ec    0x4  startup_stm32f10x_md.o [2]
  .text     ro code   0x800'03f0    0x4  startup_stm32f10x_md.o [2]
  .text     ro code   0x800'03f4    0x4  startup_stm32f10x_md.o [2]
  .text     ro code   0x800'03f8    0x4  startup_stm32f10x_md.o [2]
  .text     ro code   0x800'03fc    0x4  startup_stm32f10x_md.o [2]
  .text     ro code   0x800'0400    0x4  startup_stm32f10x_md.o [2]
  .text     ro code   0x800'0404    0x4  startup_stm32f10x_md.o [2]
  .text     ro code   0x800'0408    0x4  startup_stm32f10x_md.o [2]
  .text     ro code   0x800'040c    0x4  startup_stm32f10x_md.o [2]
  .text     ro code   0x800'0410    0x4  startup_stm32f10x_md.o [2]
  .text     ro code   0x800'0414    0x4  startup_stm32f10x_md.o [2]
  .text     ro code   0x800'0418    0x4  startup_stm32f10x_md.o [2]
  .text     ro code   0x800'041c    0x4  startup_stm32f10x_md.o [2]
  .text     ro code   0x800'0420    0x4  startup_stm32f10x_md.o [2]
  .text     ro code   0x800'0424    0x4  startup_stm32f10x_md.o [2]
  .text     ro code   0x800'0428    0x4  startup_stm32f10x_md.o [2]
  .text     ro code   0x800'042c    0x4  startup_stm32f10x_md.o [2]
  .text     ro code   0x800'0430    0x4  startup_stm32f10x_md.o [2]
  .text     ro code   0x800'0434    0x4  startup_stm32f10x_md.o [2]
  .text     ro code   0x800'0438    0x4  startup_stm32f10x_md.o [2]
  .text     ro code   0x800'043c    0x4  startup_stm32f10x_md.o [2]
  .text     ro code   0x800'0440    0x4  startup_stm32f10x_md.o [2]
  .text     ro code   0x800'0444    0x4  startup_stm32f10x_md.o [2]
  .text     ro code   0x800'0448    0x4  startup_stm32f10x_md.o [2]
  .text     ro code   0x800'044c    0x4  startup_stm32f10x_md.o [2]
  .text     ro code   0x800'0450    0x4  startup_stm32f10x_md.o [2]
  .text     ro code   0x800'0454    0x4  startup_stm32f10x_md.o [2]
  .text     ro code   0x800'0458    0x4  startup_stm32f10x_md.o [2]
  .text     ro code   0x800'045c    0x4  startup_stm32f10x_md.o [2]
  .text     ro code   0x800'0460    0x4  startup_stm32f10x_md.o [2]
  .text     ro code   0x800'0464    0x4  startup_stm32f10x_md.o [2]
  .text     ro code   0x800'0468    0x4  startup_stm32f10x_md.o [2]
  .text     ro code   0x800'046c    0x4  startup_stm32f10x_md.o [2]
  .text     ro code   0x800'0470    0x4  startup_stm32f10x_md.o [2]
  .text     ro code   0x800'0474    0x4  startup_stm32f10x_md.o [2]
  .text     ro code   0x800'0478    0x4  startup_stm32f10x_md.o [2]
  .text     ro code   0x800'047c    0x4  startup_stm32f10x_md.o [2]
  .text     ro code   0x800'0480    0x4  startup_stm32f10x_md.o [2]
  .text     ro code   0x800'0484    0x4  startup_stm32f10x_md.o [2]
  .text     ro code   0x800'0488    0x4  startup_stm32f10x_md.o [2]
  .text     ro code   0x800'048c    0x4  startup_stm32f10x_md.o [2]
  .text     ro code   0x800'0490    0x4  startup_stm32f10x_md.o [2]
  .text     ro code   0x800'0494    0x4  startup_stm32f10x_md.o [2]
  .text     ro code   0x800'0498    0x4  startup_stm32f10x_md.o [2]
                    - 0x800'049c  0x3b0

"P2":                             0x800
  CSTACK             0x2000'0000  0x800  <Block>
    CSTACK  uninit   0x2000'0000  0x800  <Block tail>
                   - 0x2000'0800  0x800

Unused ranges:

         From           To    Size
         ----           --    ----
   0x800'049c   0x800'ffff  0xfb64
  0x2000'0800  0x2000'4fff  0x4800



*******************************************************************************
*** MODULE SUMMARY
***

    Module                  ro code  rw data
    ------                  -------  -------
command line/config:
    ----------------------------------------
    Total:

C:\Users\jongh\Documents\repo\IAR_F103\Debug\Obj\CMSIS: [1]
    system_stm32f10x.o          280
    ----------------------------------------
    Total:                      280

C:\Users\jongh\Documents\repo\IAR_F103\Debug\Obj\EWARM: [2]
    startup_stm32f10x_md.o      460
    ----------------------------------------
    Total:                      460

C:\Users\jongh\Documents\repo\IAR_F103\Debug\Obj\STM32F10x_StdPeriph_Driver: [3]
    stm32f10x_gpio.o            212
    ----------------------------------------
    Total:                      212

C:\Users\jongh\Documents\repo\IAR_F103\Debug\Obj\USER: [4]
    main.o                      128
    ----------------------------------------
    Total:                      128

dl7M_tln.a: [5]
    exit.o                        4
    low_level_init.o              4
    ----------------------------------------
    Total:                        8

rt7M_tl.a: [6]
    cexit.o                      10
    cmain.o                      30
    cstartup_M.o                 28
    ----------------------------------------
    Total:                       68

shb_l.a: [7]
    exit.o                       20
    ----------------------------------------
    Total:                       20

    Gaps                          4
    Linker created                     2'048
--------------------------------------------
    Grand Total:              1'180    2'048


*******************************************************************************
*** ENTRY LIST
***

Entry                       Address  Size  Type      Object
-----                       -------  ----  ----      ------
?main                    0x800'0359        Code  Gb  cmain.o [6]
ADC1_2_IRQHandler        0x800'0439        Code  Wk  startup_stm32f10x_md.o [2]
BusFault_Handler         0x800'03d9        Code  Wk  startup_stm32f10x_md.o [2]
CAN1_RX1_IRQHandler      0x800'0445        Code  Wk  startup_stm32f10x_md.o [2]
CAN1_SCE_IRQHandler      0x800'0449        Code  Wk  startup_stm32f10x_md.o [2]
CSTACK$$Base            0x2000'0000         --   Gb  - Linker created -
CSTACK$$Limit           0x2000'0800         --   Gb  - Linker created -
DMA1_Channel1_IRQHandler
                         0x800'041d        Code  Wk  startup_stm32f10x_md.o [2]
DMA1_Channel2_IRQHandler
                         0x800'0421        Code  Wk  startup_stm32f10x_md.o [2]
DMA1_Channel3_IRQHandler
                         0x800'0425        Code  Wk  startup_stm32f10x_md.o [2]
DMA1_Channel4_IRQHandler
                         0x800'0429        Code  Wk  startup_stm32f10x_md.o [2]
DMA1_Channel5_IRQHandler
                         0x800'042d        Code  Wk  startup_stm32f10x_md.o [2]
DMA1_Channel6_IRQHandler
                         0x800'0431        Code  Wk  startup_stm32f10x_md.o [2]
DMA1_Channel7_IRQHandler
                         0x800'0435        Code  Wk  startup_stm32f10x_md.o [2]
DebugMon_Handler         0x800'03e5        Code  Wk  startup_stm32f10x_md.o [2]
DelayMS                  0x800'031d  0x20  Code  Gb  main.o [4]
DelayUS                  0x800'033d  0x1c  Code  Gb  main.o [4]
EXTI0_IRQHandler         0x800'0409        Code  Wk  startup_stm32f10x_md.o [2]
EXTI15_10_IRQHandler     0x800'0491        Code  Wk  startup_stm32f10x_md.o [2]
EXTI1_IRQHandler         0x800'040d        Code  Wk  startup_stm32f10x_md.o [2]
EXTI2_IRQHandler         0x800'0411        Code  Wk  startup_stm32f10x_md.o [2]
EXTI3_IRQHandler         0x800'0415        Code  Wk  startup_stm32f10x_md.o [2]
EXTI4_IRQHandler         0x800'0419        Code  Wk  startup_stm32f10x_md.o [2]
EXTI9_5_IRQHandler       0x800'044d        Code  Wk  startup_stm32f10x_md.o [2]
FLASH_IRQHandler         0x800'0401        Code  Wk  startup_stm32f10x_md.o [2]
GPIO_Init                0x800'0205  0xc2  Code  Gb  stm32f10x_gpio.o [3]
GPIO_WriteBit            0x800'02c7  0x12  Code  Gb  stm32f10x_gpio.o [3]
HardFault_Handler        0x800'03d1        Code  Wk  startup_stm32f10x_md.o [2]
I2C1_ER_IRQHandler       0x800'0471        Code  Wk  startup_stm32f10x_md.o [2]
I2C1_EV_IRQHandler       0x800'046d        Code  Wk  startup_stm32f10x_md.o [2]
I2C2_ER_IRQHandler       0x800'0479        Code  Wk  startup_stm32f10x_md.o [2]
I2C2_EV_IRQHandler       0x800'0475        Code  Wk  startup_stm32f10x_md.o [2]
MemManage_Handler        0x800'03d5        Code  Wk  startup_stm32f10x_md.o [2]
NMI_Handler              0x800'03cd        Code  Wk  startup_stm32f10x_md.o [2]
PVD_IRQHandler           0x800'03f5        Code  Wk  startup_stm32f10x_md.o [2]
PendSV_Handler           0x800'03e9        Code  Wk  startup_stm32f10x_md.o [2]
RCC_IRQHandler           0x800'0405        Code  Wk  startup_stm32f10x_md.o [2]
RTCAlarm_IRQHandler      0x800'0495        Code  Wk  startup_stm32f10x_md.o [2]
RTC_IRQHandler           0x800'03fd        Code  Wk  startup_stm32f10x_md.o [2]
Region$$Table$$Base             0x0         --   Gb  - Linker created -
Region$$Table$$Limit            0x0         --   Gb  - Linker created -
Reset_Handler            0x800'03bd        Code  Wk  startup_stm32f10x_md.o [2]
SPI1_IRQHandler          0x800'047d        Code  Wk  startup_stm32f10x_md.o [2]
SPI2_IRQHandler          0x800'0481        Code  Wk  startup_stm32f10x_md.o [2]
SVC_Handler              0x800'03e1        Code  Wk  startup_stm32f10x_md.o [2]
SetSysClock              0x800'0131   0x8  Code  Lc  system_stm32f10x.o [1]
SetSysClockTo72          0x800'0139  0xae  Code  Lc  system_stm32f10x.o [1]
SysTick_Handler          0x800'03ed        Code  Wk  startup_stm32f10x_md.o [2]
SystemInit               0x800'00ed  0x44  Code  Gb  system_stm32f10x.o [1]
TAMPER_IRQHandler        0x800'03f9        Code  Wk  startup_stm32f10x_md.o [2]
TIM1_BRK_IRQHandler      0x800'0451        Code  Wk  startup_stm32f10x_md.o [2]
TIM1_CC_IRQHandler       0x800'045d        Code  Wk  startup_stm32f10x_md.o [2]
TIM1_TRG_COM_IRQHandler
                         0x800'0459        Code  Wk  startup_stm32f10x_md.o [2]
TIM1_UP_IRQHandler       0x800'0455        Code  Wk  startup_stm32f10x_md.o [2]
TIM2_IRQHandler          0x800'0461        Code  Wk  startup_stm32f10x_md.o [2]
TIM3_IRQHandler          0x800'0465        Code  Wk  startup_stm32f10x_md.o [2]
TIM4_IRQHandler          0x800'0469        Code  Wk  startup_stm32f10x_md.o [2]
USART1_IRQHandler        0x800'0485        Code  Wk  startup_stm32f10x_md.o [2]
USART2_IRQHandler        0x800'0489        Code  Wk  startup_stm32f10x_md.o [2]
USART3_IRQHandler        0x800'048d        Code  Wk  startup_stm32f10x_md.o [2]
USBWakeUp_IRQHandler     0x800'0499        Code  Wk  startup_stm32f10x_md.o [2]
USB_HP_CAN1_TX_IRQHandler
                         0x800'043d        Code  Wk  startup_stm32f10x_md.o [2]
USB_LP_CAN1_RX0_IRQHandler
                         0x800'0441        Code  Wk  startup_stm32f10x_md.o [2]
UsageFault_Handler       0x800'03dd        Code  Wk  startup_stm32f10x_md.o [2]
WWDG_IRQHandler          0x800'03f1        Code  Wk  startup_stm32f10x_md.o [2]
__cmain                  0x800'0359        Code  Gb  cmain.o [6]
__exit                   0x800'038d  0x14  Code  Gb  exit.o [7]
__iar_program_start      0x800'03a1        Code  Gb  cstartup_M.o [6]
__low_level_init         0x800'0377   0x4  Code  Gb  low_level_init.o [5]
__vector_table           0x800'0000        Data  Gb  startup_stm32f10x_md.o [2]
_call_main               0x800'0365        Code  Gb  cmain.o [6]
_exit                    0x800'0381        Code  Gb  cexit.o [6]
exit                     0x800'037b   0x4  Code  Gb  exit.o [5]
main                     0x800'02d9  0x40  Code  Gb  main.o [4]


[1] = C:\Users\jongh\Documents\repo\IAR_F103\Debug\Obj\CMSIS
[2] = C:\Users\jongh\Documents\repo\IAR_F103\Debug\Obj\EWARM
[3] = C:\Users\jongh\Documents\repo\IAR_F103\Debug\Obj\STM32F10x_StdPeriph_Driver
[4] = C:\Users\jongh\Documents\repo\IAR_F103\Debug\Obj\USER
[5] = dl7M_tln.a
[6] = rt7M_tl.a
[7] = shb_l.a

  1'180 bytes of readonly  code memory
  2'048 bytes of readwrite data memory

Errors: none
Warnings: none
